gnl|alu|M32669_HSAL001919 gnl|alu|Y00326_HSAL000960
gnl|alu|HSU14568 gnl|alu|HSU14574 gnl|alu|HSU14573 gnl|alu|HSU14572 gnl|alu|HSU14571 gnl|alu|HSU14570 gnl|alu|HSU14567 gnl|alu|HSU14569 gnl|alu|M11228_HSAL002744 gnl|alu|M38180_HSAL001408 gnl|alu|L05173_HSAL001270 gnl|alu|M29484_HSAL002265 gnl|alu|M60858_HSAL002609 gnl|alu|M19483_HSAL001369 gnl|alu|M63005_HSAL001486 gnl|alu|S79457_HSAL003344 gnl|alu|S57235_HSAL004812 gnl|alu|M29322_PPAL000004 gnl|alu|Z15030_HSAL001064 gnl|alu|M81836_HSAL001597 gnl|alu|M63796_HSAL002428 gnl|alu|L13042_HSAL003862 gnl|alu|S43246_HSAL003272 gnl|alu|X66436_HSAL000650 gnl|alu|M17262_HSAL003094 gnl|alu|V00144_CRAL000013 gnl|alu|L16854_HSAL004034 gnl|alu|M20902_HSAL001317 gnl|alu|M95623_HSAL004787 gnl|alu|M64231_HSAL003023 gnl|alu|M26939_HSAL001594 gnl|alu|M60806_HSAL001584 gnl|alu|L07594_HSAL003073 gnl|alu|M19364_HSAL001616 gnl|alu|M94081_HSAL003053 gnl|alu|S54330_HSAL004807 gnl|alu|M26434_HSAL002171 gnl|alu|X54171_HSAL000802 gnl|alu|T02871_HSAL003690 gnl|alu|M86123_HSAL003668 gnl|alu|X68528_HSAL000242
gnl|alu|L15398_HSAL003920 gnl|alu|S38564_HSAL003255
gnl|alu|M34482_HSAL001707 gnl|alu|S66170_HSAL004865
gnl|alu|X12918_HSAL000301 gnl|alu|L12964_HSAL003860
gnl|alu|X16277_HSAL000821 gnl|alu|M23442_HSAL002228
