plain.txt
xomim-genut-cekek-kicon-kymoc-radak-daroz-vyvus-hixix
xivin-tutig-vihiz-kadoc-foter-zidoh-garyp-lerof-poxyx
xudev-hufuf-cypup-kapek-lypes-zigih-rulir-derol-ruxux
