 0.000000000000000  500.000000000000000  1000.000000000000000  2000.000000000000000  
 0.234759287024941  454.000000000000000  1236.000000000000000  2788.000000000000000  
 0.688488943727198  2525.000000000000000  800.000000000000000  7821.000000000000000  
