+++ OK, passed 10 tests.
+++ OK, passed 10 tests.
+++ OK, passed 10 tests.
+++ OK, passed 10 tests.
+++ OK, passed 10 tests.
+++ OK, passed 10 tests.
+++ OK, passed 10 tests.
+++ OK, passed 10 tests.
+++ OK, passed 10 tests.
+++ OK, passed 10 tests.
+++ OK, passed 10 tests.
+++ OK, passed 10 tests.
+++ OK, passed 10 tests.
+++ OK, passed 10 tests.
+++ OK, passed 10 tests.
+++ OK, passed 10 tests.
+++ OK, passed 10 tests.
+++ OK, passed 10 tests.
+++ OK, passed 10 tests.
+++ OK, passed 10 tests.
*** Failed! Passed 10 tests (expected failure).
+++ OK, passed 10 tests.
+++ OK, passed 10 tests.
+++ OK, passed 10 tests.
+++ OK, passed 10 tests.
+++ OK, passed 10 tests.
