              0.00              500.00             1000.00             2000.00  
              0.40             2797.00              701.00             7490.00  
