Generation 0
Mines swept: [0,0,0,2,0,0,1,0]
Scores of the best three sweepers: [2,1,0]
Mines left: 47
Weights of the next neural network: NeuralNet {layers = [[[-0.7475621,0.18468101,-0.3141566,0.16288441],[-0.75910455,-0.56707793,0.9997152,0.96432096],[0.71904325,0.35453722,-0.5581734,-0.27352047]],[[-0.6159791,-0.15227112,0.5655518],[-0.3491816,0.2264354,-0.6032095],[-0.85781926,-0.87302655,9.920273e-2]],[[-0.27581266,-0.48952168,0.5203461],[0.78315634,-0.6561721,0.28377613]]], numinputs = 4, numoutputs = 2}
